[['#', '#', '#', '#', '#', '#', '#', '#', '#', '#', '#', '#', '#', '#',
  '#', '#', '#'],
 ['#', ' ', ' ', ' ', '#', '#', '#', ' ', ' ', ' ', '#', '#', '#', '#',
  '#', '#', '#'],
 ['#', ' ', '#', ' ', '#', '#', '#', ' ', '#', ' ', ' ', ' ', '#', '#',
  '#', '#', '#'],
 ['#', ' ', ' ', ' ', '#', '#', '#', ' ', ' ', 'C', '#', ' ', '#', '#',
  '#', '#', '#'],
 ['#', ' ', ' ', ' ', ' ', ' ', '#', '#', ' ', ' ', '#', ' ', '#', ' ',
  ' ', ' ', '#'],
 ['#', ' ', 'X', ' ', ' ', ' ', ' ', '#', ' ', ' ', ' ', ' ', ' ', ' ',
  '#', ' ', '#'],
 ['#', '#', ' ', '#', ' ', ' ', ' ', '#', '#', ' ', ' ', ' ', '#', ' ',
  ' ', ' ', '#'],
 ['#', '#', 'C', '#', '#', '#', '#', ' ', ' ', ' ', ' ', ' ', '#', ' ',
  ' ', ' ', '#'],
 ['#', ' ', ' ', ' ', ' ', '#', ' ', ' ', ' ', '#', ' ', ' ', ' ', ' ',
  '#', ' ', '#'],
 ['#', ' ', ' ', '#', ' ', ' ', ' ', '#', '#', '#', ' ', ' ', ' ', ' ',
  ' ', ' ', '#'],
 ['#', '#', ' ', 'C', ' ', ' ', ' ', 'X', 'X', '#', ' ', ' ', '#', ' ',
  ' ', ' ', '#'],
 ['#', '#', '#', ' ', ' ', '#', ' ', 'P', ' ', ' ', ' ', ' ', ' ', ' ',
  ' ', ' ', '#'],
 ['#', '#', ' ', ' ', ' ', ' ', ' ', '#', ' ', '#', ' ', ' ', '#', '#',
  '#', '#', '#'],
 ['#', '#', ' ', ' ', '#', '#', '#', ' ', ' ', '#', '#', ' ', '#', '#',
  '#', '#', '#'],
 ['#', '#', ' ', ' ', '#', '#', '#', ' ', ' ', ' ', ' ', ' ', '#', '#',
  '#', '#', '#'],
 ['#', '#', ' ', ' ', '#', '#', '#', '#', ' ', ' ', '#', '#', '#', '#',
  '#', '#', '#'],
 ['#', '#', '#', '#', '#', '#', '#', '#', '#', '#', '#', '#', '#', '#',
  '#', '#', '#']]