[['#', '#', '#', '#', '#', '#', '#', '#', '#', '#', '#', '#', '#', '#',
  '#', '#', '#'],
 ['#', '#', '#', '#', '#', '#', '#', '#', '#', '#', '#', ' ', ' ', ' ',
  ' ', '#', '#'],
 ['#', '#', '#', '#', '#', '#', '#', '#', '#', '#', ' ', ' ', ' ', ' ',
  ' ', '#', '#'],
 ['#', '#', '#', '#', '#', '#', '#', '#', '#', '#', ' ', ' ', '#', '#',
  '#', '#', '#'],
 ['#', '#', '#', '#', '#', '#', '#', '#', ' ', ' ', ' ', ' ', ' ', '#',
  ' ', ' ', '#'],
 ['#', '#', '#', '#', '#', '#', '#', ' ', ' ', ' ', ' ', ' ', 'C', ' ',
  ' ', ' ', '#'],
 ['#', '#', '#', '#', '#', '#', '#', ' ', ' ', ' ', '#', '#', '#', '#',
  ' ', ' ', '#'],
 ['#', '#', '#', '#', ' ', ' ', ' ', '#', ' ', '#', ' ', ' ', ' ', '#',
  ' ', ' ', '#'],
 ['#', '#', '#', '#', ' ', 'C', ' ', ' ', ' ', ' ', ' ', '#', ' ', '#',
  ' ', ' ', '#'],
 ['#', '#', '#', '#', '#', ' ', '#', ' ', ' ', ' ', ' ', ' ', ' ', '#',
  ' ', ' ', '#'],
 ['#', '#', ' ', ' ', ' ', ' ', '#', '#', 'P', '#', '#', '#', '#', '#',
  ' ', ' ', '#'],
 ['#', ' ', ' ', ' ', ' ', 'X', ' ', ' ', ' ', '#', '#', '#', '#', '#',
  ' ', ' ', '#'],
 ['#', ' ', ' ', '#', '#', ' ', ' ', '#', '#', '#', '#', '#', '#', '#',
  ' ', ' ', '#'],
 ['#', '#', 'C', ' ', ' ', ' ', ' ', ' ', ' ', ' ', ' ', ' ', '#', '#',
  ' ', ' ', '#'],
 ['#', '#', ' ', ' ', ' ', ' ', '#', ' ', '#', 'X', ' ', ' ', ' ', ' ',
  ' ', ' ', '#'],
 ['#', '#', '#', '#', '#', '#', '#', 'X', ' ', ' ', ' ', ' ', '#', ' ',
  ' ', ' ', '#'],
 ['#', '#', '#', '#', '#', '#', '#', '#', '#', '#', '#', '#', '#', '#',
  '#', '#', '#']]