[['#', '#', '#', '#', '#', '#', '#', '#', '#', '#', '#', '#', '#', '#',
  '#', '#', '#'],
 ['#', '#', '#', '#', '#', '#', '#', '#', '#', '#', '#', '#', '#', '#',
  '#', '#', '#'],
 ['#', '#', '#', '#', '#', '#', '#', '#', '#', '#', '#', '#', '#', '#',
  '#', '#', '#'],
 ['#', '#', '#', '#', '#', '#', '#', '#', '#', '#', '#', '#', '#', '#',
  '#', '#', '#'],
 ['#', '#', '#', '#', '#', '#', '#', '#', '#', '#', '#', '#', '#', '#',
  '#', '#', '#'],
 ['#', '#', '#', '#', '#', '#', '#', '#', '#', '#', '#', '#', '#', '#',
  '#', '#', '#'],
 ['#', '#', '#', '#', '#', '#', '#', '#', '#', '#', '#', '#', '#', '#',
  '#', '#', '#'],
 ['#', '#', '#', '#', '#', '#', '#', '#', '#', '#', ' ', ' ', ' ', '#',
  'X', ' ', '#'],
 ['#', '#', '#', '#', '#', '#', '#', '#', '#', '#', ' ', '#', ' ', ' ',
  ' ', ' ', '#'],
 ['#', '#', '#', '#', '#', '#', '#', '#', '#', '#', ' ', 'C', ' ', ' ',
  ' ', ' ', '#'],
 ['#', '#', '#', '#', ' ', ' ', ' ', ' ', ' ', '#', ' ', ' ', ' ', ' ',
  ' ', '#', '#'],
 ['#', '#', ' ', ' ', 'P', ' ', ' ', ' ', ' ', ' ', ' ', '#', ' ', ' ',
  '#', '#', '#'],
 ['#', '#', ' ', '#', '#', 'X', '#', '#', ' ', '#', '#', '#', '#', ' ',
  ' ', '#', '#'],
 ['#', '#', ' ', ' ', '#', ' ', ' ', '#', ' ', 'C', ' ', 'C', ' ', ' ',
  ' ', ' ', '#'],
 ['#', '#', ' ', ' ', '#', ' ', ' ', '#', 'X', ' ', ' ', '#', ' ', ' ',
  '#', ' ', '#'],
 ['#', '#', '#', '#', '#', '#', '#', '#', '#', '#', ' ', ' ', ' ', ' ',
  ' ', ' ', '#'],
 ['#', '#', '#', '#', '#', '#', '#', '#', '#', '#', '#', '#', '#', '#',
  '#', '#', '#']]